[www.lerepdesawisata.com/index.html]
[backblue.gif]
[fade.gif]
[index.html]
[www.lerepdesawisata.com/img/logo-icon.png]
[www.lerepdesawisata.com/frontend/vendor/aos/aos.css]
[www.lerepdesawisata.com/frontend/vendor/animate.css/animate.min.css]
[www.lerepdesawisata.com/frontend/vendor/bootstrap/css/bootstrap.min.css]
[www.lerepdesawisata.com/frontend/vendor/bootstrap-icons/bootstrap-icons.css]
[www.lerepdesawisata.com/frontend/vendor/boxicons/css/boxicons.min.css]
[www.lerepdesawisata.com/frontend/vendor/glightbox/css/glightbox.min.css]
[www.lerepdesawisata.com/frontend/vendor/remixicon/remixicon.css]
[www.lerepdesawisata.com/frontend/vendor/swiper/swiper-bundle.min.css]
[www.lerepdesawisata.com/frontend/css/style.css]
[www.lerepdesawisata.com/frontend/js/jquery-3.6.3.min.js]
[www.lerepdesawisata.com/backend/assets/plugins/global/jquery-validation/dist/jquery.validate.js]
[www.lerepdesawisata.com/backend/assets/js/pages/custom/vendors/jquery-validation.init.js]
[www.lerepdesawisata.com/backend/assets/plugins/custom/leaflet/leaflet.css]
[www.lerepdesawisata.com/backend/assets/plugins/custom/leaflet/leaflet.js]
[www.lerepdesawisata.com/frontend/css/stylex.css]
[www.lerepdesawisata.com/img/logo-depan.png]
[www.lerepdesawisata.com/tentang-kami/profil-desa.html]
[www.lerepdesawisata.com/tentang-kami/visi-dan-misi.html]
[www.lerepdesawisata.com/tentang-kami/tujuan-dan-sasaran.html]
[www.lerepdesawisata.com/tentang-kami/potensi-desa.html]
[www.lerepdesawisata.com/tentang-kami/demografi-desa.html]
[www.lerepdesawisata.com/tentang-kami/sejarah.html]
[www.lerepdesawisata.com/tentang-kami/geografi.html]
[www.lerepdesawisata.com/tentang-kami/peta-lerep.html]
[www.lerepdesawisata.com/ppid/struktur-organisasi.html]
[www.lerepdesawisata.com/ppid/maklumat-pelayanan-ppid.html]
[www.lerepdesawisata.com/ppid/standar-pelayanan-informasi.html]
[www.lerepdesawisata.com/kelembagaan/bpd.html]
[www.lerepdesawisata.com/ppid/tugas-ppid.html]
[www.lerepdesawisata.com/kelembagaan/pkk.html]
[www.lerepdesawisata.com/kelembagaan/karang-taruna.html]
[www.lerepdesawisata.com/kelembagaan/pokdarwis.html]
[www.lerepdesawisata.com/kelembagaan/proklim.html]
[www.lerepdesawisata.com/kelembagaan/kpmd.html]
[www.lerepdesawisata.com/kelembagaan/kpm.html]
[www.lerepdesawisata.com/kelembagaan/bumdes.html]
[www.lerepdesawisata.com/perencanaan/apbdes.html]
[www.lerepdesawisata.com/perencanaan/rpjmdes.html]
[www.lerepdesawisata.com/perencanaan/strategi-kebijakan-dan-program.html]
[www.lerepdesawisata.com/perencanaan/program-prioritas.html]
[www.lerepdesawisata.com/perencanaan/rkpdes.html]
[www.lerepdesawisata.com/produk-hukum/keputusan-kepala-desa.html]
[www.lerepdesawisata.com/produk-hukum/peraturan-kepala-desa.html]
[www.lerepdesawisata.com/produk-hukum/peraturan-desa.html]
[www.lerepdesawisata.com/produk-hukum/peraturanperaturan.html]
[www.lerepdesawisata.com/berita.html]
[www.lerepdesawisata.com/galeri.html]
[www.lerepdesawisata.com/Kampung.html]
[www.lerepdesawisata.com/kontak-kami.html]
[www.lerepdesawisata.com/frontend/css/owl.carousel.min.css]
[www.lerepdesawisata.com/frontend/css/owl.theme.default.min.css]
[www.lerepdesawisata.com/img/slider_folder/Slider_1699541082.jpg]
[www.lerepdesawisata.com/img/slider_folder/Slider_1699541094.jpg]
[www.lerepdesawisata.com/img/slider_folder/Slider_1699541104.jpg]
[www.lerepdesawisata.com/img/slider_folder/Slider_1699541416.jpg]
[www.lerepdesawisata.com/statistik/jenis_kelamin.html]
[www.lerepdesawisata.com/statistik/pendidikan.html]
[www.lerepdesawisata.com/statistik/agama.html]
[www.lerepdesawisata.com/statistik/pekerjaan.html]
[www.lerepdesawisata.com/img/all.png]
[www.lerepdesawisata.com/img/l.png]
[www.lerepdesawisata.com/img/p.png]
[www.lerepdesawisata.com/img/kk.png]
[www.lerepdesawisata.com/berita/dusun-soka-juara-1-turnamen-sepak-bola-karang-taruna-desa-lerep.html]
[www.lerepdesawisata.com/img/artikel_folder/thumbs/Artikel_dusun-soka-juara-1-turnamen-sepak-bola-karang-taruna-desa-lerep_1727804978.jpg]
[www.lerepdesawisata.com/berita/mahasiswa-asing-ikuti-vip-summer-course-di-lerep.html]
[www.lerepdesawisata.com/img/artikel_folder/thumbs/Artikel_mahasiswa-asing-ikuti-vip-summer-course-di-lerep_1727804790.jpg]
[www.lerepdesawisata.com/berita/desa-lerep-juara-iii-nasional-lomba-desa-wisata-nusantara-2024.html]
[www.lerepdesawisata.com/img/artikel_folder/thumbs/Artikel_desa-lerep-juara-iii-nasional-lomba-desa-wisata-nusantara-2024_1727717931.jpg]
[www.lerepdesawisata.com/homestay.html]
[www.lerepdesawisata.com/produk.html]
[www.lerepdesawisata.com/dokumen/brosur.pdf]
[www.lerepdesawisata.com/img/pegawai_folder/Pegawai_1699804874.jpg]
[www.lerepdesawisata.com/img/pegawai_folder/Pegawai_1699843304.jpg]
[www.lerepdesawisata.com/img/pegawai_folder/Pegawai_1699843384.jpg]
[www.lerepdesawisata.com/img/pegawai_folder/Pegawai_1699845210.jpg]
[www.lerepdesawisata.com/img/pegawai_folder/Pegawai_1699845247.jpg]
[www.lerepdesawisata.com/img/pegawai_folder/Pegawai_1699845294.jpg]
[www.lerepdesawisata.com/img/pegawai_folder/Pegawai_1699845340.jpg]
[www.lerepdesawisata.com/img/pegawai_folder/Pegawai_1699845370.jpg]
[www.lerepdesawisata.com/img/pegawai_folder/Pegawai_1699845461.jpg]
[www.lerepdesawisata.com/img/pegawai_folder/Pegawai_1699846320.jpg]
[www.lerepdesawisata.com/img/pegawai_folder/Pegawai_1699846358.jpg]
[www.lerepdesawisata.com/img/pegawai_folder/Pegawai_1699846389.jpg]
[www.lerepdesawisata.com/img/pegawai_folder/Pegawai_1699846419.jpg]
[www.lerepdesawisata.com/img/pegawai_folder/Pegawai_1699846470.jpg]
[www.lerepdesawisata.com/img/pegawai_folder/Pegawai_1699846552.jpg]
[www.lerepdesawisata.com/frontend/js/owl.carousel.min.js]
[www.lerepdesawisata.com/img/sosial_folder/Sosial1699715781.png]
[www.lerepdesawisata.com/img/sosial_folder/Sosial_1699716015.png]
[www.lerepdesawisata.com/img/sosial_folder/Sosial_1699719249.png]
[www.lerepdesawisata.com/img/sosial_folder/Sosial_1699716040.png]
[s10.histats.com/js15_as.js]
[sstatic1.histats.com/0dcfb.gif]
[translate.google.com/translate_a/element7876.js]
[www.lerepdesawisata.com/frontend/vendor/purecounter/purecounter_vanilla.js]
[www.lerepdesawisata.com/frontend/vendor/bootstrap/js/bootstrap.bundle.min.js]
[www.lerepdesawisata.com/frontend/vendor/glightbox/js/glightbox.min.js]
[www.lerepdesawisata.com/frontend/vendor/isotope-layout/isotope.pkgd.min.js]
[www.lerepdesawisata.com/frontend/vendor/swiper/swiper-bundle.min.js]
[www.lerepdesawisata.com/frontend/vendor/waypoints/noframework.waypoints.js]
[www.lerepdesawisata.com/frontend/vendor/aos/aos.js]
[www.lerepdesawisata.com/frontend/js/main.js]
[www.lerepdesawisata.com/index.html]
[www.lerepdesawisata.com/frontend/vendor/aos/aos.css]
[www.lerepdesawisata.com/frontend/vendor/animate.css/animate.min.css]
[www.lerepdesawisata.com/frontend/vendor/bootstrap/css/bootstrap.min.css]
[www.lerepdesawisata.com/frontend/vendor/bootstrap-icons/fonts/bootstrap-iconsbf04.woff2]
[www.lerepdesawisata.com/frontend/vendor/bootstrap-icons/fonts/bootstrap-iconsbf04.woff]
[www.lerepdesawisata.com/frontend/vendor/bootstrap-icons/bootstrap-icons.css]
[www.lerepdesawisata.com/frontend/vendor/boxicons/fonts/boxicons.woff2]
[www.lerepdesawisata.com/frontend/vendor/boxicons/fonts/boxicons.eot]
[www.lerepdesawisata.com/frontend/vendor/boxicons/fonts/boxicons.woff]
[www.lerepdesawisata.com/frontend/vendor/boxicons/fonts/boxicons.ttf]
[www.lerepdesawisata.com/frontend/vendor/boxicons/css/boxicons.min.css]
[www.lerepdesawisata.com/frontend/vendor/glightbox/css/glightbox.min.css]
[www.lerepdesawisata.com/frontend/vendor/boxicons/fonts/boxiconsd41d.svg]
[www.lerepdesawisata.com/frontend/vendor/remixicon/remixicondf6d.eot]
[www.lerepdesawisata.com/frontend/vendor/remixicon/remixicondf6d.woff2]
[www.lerepdesawisata.com/frontend/vendor/remixicon/remixicondf6d.woff]
[www.lerepdesawisata.com/frontend/vendor/remixicon/remixicondf6d.ttf]
[www.lerepdesawisata.com/frontend/vendor/remixicon/remixicon.css]
[www.lerepdesawisata.com/frontend/vendor/swiper/swiper-bundle.min.css]
[www.lerepdesawisata.com/frontend/vendor/remixicon/remixicondf6d.svg]
[www.lerepdesawisata.com/frontend/img/about.jpg]
[www.lerepdesawisata.com/frontend/bg.jpg]
[www.lerepdesawisata.com/frontend/css/style.css]
[www.lerepdesawisata.com/backend/assets/plugins/custom/leaflet/images/layers.png]
[www.lerepdesawisata.com/backend/assets/plugins/custom/leaflet/images/layers-2x.png]
[www.lerepdesawisata.com/backend/assets/plugins/custom/leaflet/images/marker-icon.png]
[www.lerepdesawisata.com/backend/assets/plugins/custom/leaflet/leaflet.css]
[www.lerepdesawisata.com/frontend/css/menu1.png]
[www.lerepdesawisata.com/frontend/css/menu2.png]
[www.lerepdesawisata.com/frontend/css/menu3.png]
[www.lerepdesawisata.com/frontend/css/menu4.png]
[www.lerepdesawisata.com/frontend/css/stylex.css]
[www.lerepdesawisata.com/img/content_folder/Tentang_1699541971.jpg]
[www.lerepdesawisata.com/tentang-kami/profil-desa.html]
[www.lerepdesawisata.com/tentang-kami/visi-dan-misi.html]
[www.lerepdesawisata.com/tentang-kami/tujuan-dan-sasaran.html]
[www.lerepdesawisata.com/tentang-kami/potensi-desa.html]
[www.lerepdesawisata.com/tentang-kami/demografi-desa.html]
[www.lerepdesawisata.com/tentang-kami/sejarah.html]
[www.lerepdesawisata.com/tentang-kami/geografi.html]
[lerepdesawisata.com/img/content_folder/FotoContent_1699865479.jpg]
[www.lerepdesawisata.com/tentang-kami/peta-lerep.html]
[www.lerepdesawisata.com/ppid/struktur-organisasi.html]
[www.lerepdesawisata.com/ppid/maklumat-pelayanan-ppid.html]
[www.lerepdesawisata.com/ppid/standar-pelayanan-informasi.html]
[www.lerepdesawisata.com/ppid/tugas-ppid.html]
[www.lerepdesawisata.com/kelembagaan/bpd.html]
[lerepdesawisata.com/img/kelembagaan_folder/Fotokelembagaan_1700110347.jpg]
[www.lerepdesawisata.com/kelembagaan/pkk.html]
[lerepdesawisata.com/img/kelembagaan_folder/Fotokelembagaan_1700018313.jpg]
[www.lerepdesawisata.com/kelembagaan/karang-taruna.html]
[lerepdesawisata.com/img/kelembagaan_folder/Fotokelembagaan_1700018524.jpg]
[www.lerepdesawisata.com/kelembagaan/pokdarwis.html]
[lerepdesawisata.com/img/kelembagaan_folder/Fotokelembagaan_1700018563.jpg]
[www.lerepdesawisata.com/kelembagaan/proklim.html]
[www.lerepdesawisata.com/kelembagaan/kpmd.html]
[www.lerepdesawisata.com/kelembagaan/kpm.html]
[lerepdesawisata.com/img/kelembagaan_folder/Fotokelembagaan_1700108582.jpg]
[www.lerepdesawisata.com/kelembagaan/bumdes.html]
[lerepdesawisata.com/img/perencanaan_folder/Fotoperencanaan_1704651978.jpg]
[lerepdesawisata.com/img/perencanaan_folder/Fotoperencanaan_1700130427.jpg]
[lerepdesawisata.com/img/perencanaan_folder/Fotoperencanaan_1700130728.jpg]
[www.lerepdesawisata.com/perencanaan/apbdes.html]
[www.lerepdesawisata.com/perencanaan/rpjmdes.html]
[www.lerepdesawisata.com/perencanaan/strategi-kebijakan-dan-program.html]
[www.lerepdesawisata.com/perencanaan/program-prioritas.html]
[www.lerepdesawisata.com/perencanaan/rkpdes.html]
[www.lerepdesawisata.com/produk-hukum/keputusan-kepala-desa.html]
[www.lerepdesawisata.com/produk-hukum/peraturan-kepala-desa.html]
[www.lerepdesawisata.com/produk-hukum/peraturan-desa.html]
[www.lerepdesawisata.com/produk-hukum/peraturanperaturan.html]
[www.lerepdesawisata.com/berita/lerep-expo-diapresiasi-tim-pengggerak-pkk-kabupaten-semarang.html]
[www.lerepdesawisata.com/img/artikel_folder/thumbs/Artikel_lerep-expo-diapresiasi-tim-pengggerak-pkk-kabupaten-semarang_1726601736.jpg]
[www.lerepdesawisata.com/berita/desa-lerep-juara-1-lomba-bangga-kencana-2024-tingkat-kabupaten-semarang.html]
[www.lerepdesawisata.com/img/artikel_folder/thumbs/Artikel_desa-lerep-juara-1-lomba-bangga-kencana-2024-tingkat-kabupaten-semarang_1726601606.jpg]
[www.lerepdesawisata.com/berita/index/5.html]
[www.lerepdesawisata.com/berita/index/10.html]
[www.lerepdesawisata.com/berita/index/15.html]
[www.lerepdesawisata.com/berita/index/20.html]
[www.lerepdesawisata.com/berita/index/25.html]
[www.lerepdesawisata.com/berita/index/80.html]
[lerepdesawisata.com/assets/source/IMG20210401163930.jpg]
[lerepdesawisata.com/assets/source/Full/IMG-20170526-WA0015.jpg]
[www.lerepdesawisata.com/berita/lerep-berhasil-menerima-penghargaan-dari-sandiaga-uno.html]
[lerepdesawisata.com/assets/source/Full/drumbleg.jpg]
[www.lerepdesawisata.com/berita/keindahan-alam-raya.html]
[www.lerepdesawisata.com/berita/kebudayan-sebagai-sarana-promosi.html]
[lerepdesawisata.com/assets/source/Full/IMG-20170526-WA0017.jpg]
[www.lerepdesawisata.com/berita.html]
[www.lerepdesawisata.com/berita/kunjungan-studi-banding-kepala-desa-perangkat-desa-dan-tp-pkk-desa-se-kecamatan-tulung-kab-klaten-ke-desa-wisata-lerep.html]
[www.lerepdesawisata.com/galeri/kategori/Umum.html]
[www.lerepdesawisata.com/galeri/kategori/Pembangunan.html]
[www.lerepdesawisata.com/galeri.html]
[www.lerepdesawisata.com/kampung/dfgdfg]
[www.lerepdesawisata.com/img/kampung/thumbs/KB_dfgdfg_1721398029.jpg]
[www.lerepdesawisata.com/Kampung/dfgdfg.9d.delayed]
[www.lerepdesawisata.com/Kampung.html]
[www.google.com/recaptcha/api0cf2.js]
[www.lerepdesawisata.com/kontak-kami.html]
[www.lerepdesawisata.com/frontend/css/owl.video.play.9f.delayed]
[www.lerepdesawisata.com/frontend/css/owl.carousel.min.css]
[www.lerepdesawisata.com/frontend/css/owl.theme.default.min.css]
[www.amcharts.com/lib/3/plugins/export/export.css]
[www.amcharts.com/lib/3/pie.js]
[www.amcharts.com/lib/3/plugins/tools/polarScatter/polarScatter.min.js]
[www.amcharts.com/lib/3/amcharts.js]
[www.amcharts.com/lib/3/plugins/animate/animate.min.js]
[www.lerepdesawisata.com/statistik/jenis_kelamin.html]
[www.lerepdesawisata.com/statistik/pendidikan.html]
[www.lerepdesawisata.com/statistik/agama.html]
[www.lerepdesawisata.com/statistik/pekerjaan.html]
[www.amcharts.com/lib/3/plugins/export/export.min.js]
[www.amcharts.com/lib/3/themes/light.js]
[www.lerepdesawisata.com/img/artikel_folder/Artikel_dusun-soka-juara-1-turnamen-sepak-bola-karang-taruna-desa-lerep_1727804978.jpg]
[www.lerepdesawisata.com/berita/dusun-soka-juara-1-turnamen-sepak-bola-karang-taruna-desa-lerep.html]
[www.lerepdesawisata.com/img/artikel_folder/Artikel_mahasiswa-asing-ikuti-vip-summer-course-di-lerep_1727804790.jpg]
[www.lerepdesawisata.com/berita/mahasiswa-asing-ikuti-vip-summer-course-di-lerep.html]
[www.lerepdesawisata.com/img/artikel_folder/Artikel_desa-lerep-juara-iii-nasional-lomba-desa-wisata-nusantara-2024_1727717931.jpg]
[www.lerepdesawisata.com/berita/desa-lerep-juara-iii-nasional-lomba-desa-wisata-nusantara-2024.html]
[www.lerepdesawisata.com/img/homestay_folder/Homestay_1700054987.jpg]
[www.lerepdesawisata.com/img/bg.jpg]
[www.lerepdesawisata.com/homestay/amin-homestay.html]
[www.lerepdesawisata.com/img/homestay_folder/Homestay_1700055467.jpg]
[www.lerepdesawisata.com/homestay/dariyasih-homestay.html]
[www.lerepdesawisata.com/img/homestay_folder/Homestay_1699884493.jpg]
[www.lerepdesawisata.com/homestay/djayari-homestay.html]
[www.lerepdesawisata.com/img/homestay_folder/Homestay_1700091434.jpg]
[www.lerepdesawisata.com/homestay/gyanto-homestay.html]
[www.lerepdesawisata.com/img/homestay_folder/Homestay_1700091621.jpg]
[www.lerepdesawisata.com/homestay/indarsih-homestay.html]
[www.lerepdesawisata.com/img/homestay_folder/Homestay_1700091857.jpg]
[www.lerepdesawisata.com/homestay/malikatun-homestay.html]
[www.lerepdesawisata.com/img/homestay_folder/Homestay_1700091962.jpg]
[www.lerepdesawisata.com/homestay/mukini-homestay.html]
[www.lerepdesawisata.com/img/homestay_folder/Homestay_1700092152.jpg]
[www.lerepdesawisata.com/homestay/nunung-homestay.html]
[www.lerepdesawisata.com/img/homestay_folder/Homestay_1700092433.jpg]
[www.lerepdesawisata.com/homestay/rini-homestay.html]
[www.lerepdesawisata.com/img/homestay_folder/Homestay_1700094141.jpg]
[www.lerepdesawisata.com/homestay/rochim-homestay.html]
[www.lerepdesawisata.com/img/homestay_folder/Homestay_1700093956.jpg]
[www.lerepdesawisata.com/homestay/ruslan-homestay.html]
[www.lerepdesawisata.com/img/homestay_folder/Homestay_1700094308.jpg]
[www.lerepdesawisata.com/homestay/sarofah-homestay.html]
[www.lerepdesawisata.com/img/homestay_folder/Homestay_1700094441.jpg]
[www.lerepdesawisata.com/homestay/seneng-homestay.html]
[www.lerepdesawisata.com/img/homestay_folder/Homestay_1700094605.jpg]
[www.lerepdesawisata.com/homestay/siti-kodriyah-homestay.html]
[www.lerepdesawisata.com/img/homestay_folder/Homestay_1700094767.jpg]
[www.lerepdesawisata.com/img/homestay_folder/Homestay_1700094907.jpg]
[www.lerepdesawisata.com/homestay/sri-lestari-homestay.html]
[www.lerepdesawisata.com/homestay.html]
[www.lerepdesawisata.com/img/produk_folder/Produk_1700204540.jpg]
[www.lerepdesawisata.com/homestay/teguh-homestay.html]
[www.lerepdesawisata.com/produk/robusta-wine.html]
[www.lerepdesawisata.com/img/produk_folder/Produk_1700205052.jpg]
[www.lerepdesawisata.com/produk/robusta.html]
[www.lerepdesawisata.com/img/produk_folder/Produk_1700205009.jpg]
[www.lerepdesawisata.com/produk/jahe-rempah.html]
[www.lerepdesawisata.com/img/produk_folder/Produk_1700204923.jpg]
[www.lerepdesawisata.com/produk/gula-semut-aren.html]
[www.lerepdesawisata.com/img/produk_folder/Produk_1700204961.jpg]
[www.lerepdesawisata.com/produk/gula-aren.html]
[www.lerepdesawisata.com/img/produk_folder/Produk_1700204774.jpg]
[www.lerepdesawisata.com/produk/durian-sultan.html]
[www.lerepdesawisata.com/img/produk_folder/Produk_1700204819.jpg]
[www.lerepdesawisata.com/produk/durian-musang-king.html]
[www.lerepdesawisata.com/img/produk_folder/Produk_1700204874.jpg]
[www.lerepdesawisata.com/produk/durian-bawor.html]
[www.lerepdesawisata.com/img/produk_folder/Produk_1700204677.jpg]
[www.lerepdesawisata.com/produk/cengkeh-zanzibar.html]
[www.lerepdesawisata.com/img/produk_folder/Produk_1700204611.jpg]
[www.lerepdesawisata.com/produk.html]
[www.lerepdesawisata.com/produk/arabika.html]
[www.lerepdesawisata.com/frontend/vendor/boxicons/fonts/boxiconsd41d.svg]
[www.lerepdesawisata.com/frontend/vendor/remixicon/remixicondf6d.svg]
[www.lerepdesawisata.com/frontend/img/about.html]
[www.lerepdesawisata.com/img/artikel_folder/Artikel_lerep-expo-diapresiasi-tim-pengggerak-pkk-kabupaten-semarang_1726601736.jpg]
[www.lerepdesawisata.com/berita/lerep-expo-diapresiasi-tim-pengggerak-pkk-kabupaten-semarang.html]
[www.lerepdesawisata.com/img/artikel_folder/Artikel_desa-lerep-juara-1-lomba-bangga-kencana-2024-tingkat-kabupaten-semarang_1726601606.jpg]
[www.lerepdesawisata.com/berita/desa-lerep-juara-1-lomba-bangga-kencana-2024-tingkat-kabupaten-semarang.html]
[www.lerepdesawisata.com/berita/meriah-kirab-sedekah-bumi-dan-pitulasan-di-dusun-lerep.html]
[www.lerepdesawisata.com/img/artikel_folder/thumbs/Artikel_meriah-kirab-sedekah-bumi-dan-pitulasan-di-dusun-lerep_1724486303.jpg]
[www.lerepdesawisata.com/berita/kades-lerep-terima-tanda-kehormatan-satya-lancana-kepariwisataan.html]
[www.lerepdesawisata.com/img/artikel_folder/thumbs/Artikel_kades-lerep-terima-tanda-kehormatan-satya-lancana-kepariwisataan-_1724485802.jpg]
[www.lerepdesawisata.com/img/artikel_folder/thumbs/Artikel_kampung-kb-desa-lerep-masuk-tiga-besar-lomba-bangga-kencana-2024_1724485575.jpg]
[www.lerepdesawisata.com/berita/kampung-kb-desa-lerep-masuk-tiga-besar-lomba-bangga-kencana-2024.html]
[www.lerepdesawisata.com/img/artikel_folder/thumbs/Artikel_kampung-alpukat-tegalrejo-menyatukan-komunitas-dan-menciptakan-kesempatan-baru_1724307594.jpg]
[www.lerepdesawisata.com/berita/kampung-alpukat-tegalrejo-menyatukan-komunitas-dan-menciptakan-kesempatan-baru.html]
[www.lerepdesawisata.com/img/artikel_folder/thumbs/Artikel_tanda-kehormatan-satyalancana-kepariwisataan_1720687300.jpg]
[www.lerepdesawisata.com/berita/tanda-kehormatan-satyalancana-kepariwisataan.html]
[www.lerepdesawisata.com/berita/index.html]
[www.lerepdesawisata.com/berita/index/5.html]
[www.lerepdesawisata.com/berita/index/30.html]
[www.lerepdesawisata.com/img/artikel_folder/thumbs/Artikel_reforma-agraria-di-indrokilo_1718261675.jpg]
[www.lerepdesawisata.com/berita/reforma-agraria-di-indrokilo.html]
[www.lerepdesawisata.com/img/artikel_folder/thumbs/Artikel_seluruh-rt-di-desa-lerep-diminta-bentuk--petugas-upzis-dan-kelompok-informasi-masyarakat_1718261139.jpg]
[www.lerepdesawisata.com/berita/seluruh-rt-di-desa-lerep-diminta-bentuk--petugas-upzis-dan-kelompok-informasi-masyarakat.html]
[www.lerepdesawisata.com/img/artikel_folder/thumbs/Artikel_desa-digital_1715656450.jpg]
[www.lerepdesawisata.com/berita/desa-digital.html]
[www.lerepdesawisata.com/berita/kelompok-tani-sumber-hasil-desa-lerep-maju-lomba-wana-lestari.html]
[www.lerepdesawisata.com/img/artikel_folder/thumbs/Artikel_kelompok-tani-sumber-hasil-desa-lerep-maju-lomba-wana-lestari_1710747300.jpg]
[www.lerepdesawisata.com/img/artikel_folder/thumbs/Artikel_sebanyak-1230-pohon-ditanam-di-kompleks-embung-sebligo-desa-lerep_1710747111.jpg]
[www.lerepdesawisata.com/berita/sebanyak-1230-pohon-ditanam-di-kompleks-embung-sebligo-desa-lerep.html]
[www.lerepdesawisata.com/berita/index/35.html]
[www.lerepdesawisata.com/berita/index/10.html]
[www.lerepdesawisata.com/img/artikel_folder/thumbs/Artikel_desa-lerep-juara-3-nasional-desa-brilian_1705396935.jpg]
[www.lerepdesawisata.com/berita/desa-lerep-juara-3-nasional-desa-brilian.html]
[www.lerepdesawisata.com/berita/sega-iriban-ludes-diserbu-pengunjung-pasar-kuliner-desa-lerep-.html]
[www.lerepdesawisata.com/img/artikel_folder/thumbs/Artikel_sega-iriban-ludes-diserbu-pengunjung-pasar-kuliner-desa-lerep-_1704643731.jpg]
[www.lerepdesawisata.com/img/artikel_folder/thumbs/Artikel_kegiatan-bakti-sosial-pengobatan-gratis-kerjasama-desa-lerep-dengan-rumah-sakit-kusuma-ungaran_1704643539.jpg]
[www.lerepdesawisata.com/berita/kegiatan-bakti-sosial-pengobatan-gratis-kerjasama-desa-lerep-dengan-rumah-sakit-kusuma-ungaran.html]
[www.lerepdesawisata.com/berita/musrenbangdes-desa-lerep-tahun-2023.html]
[www.lerepdesawisata.com/img/artikel_folder/thumbs/Artikel_musrenbangdes-desa-lerep-tahun-2023_1704643292.jpg]
[www.lerepdesawisata.com/berita/pemilik-31-homestay-di-desa-wisata-lerep-sambut-ramah-para-tamu.html]
[www.lerepdesawisata.com/img/artikel_folder/thumbs/Artikel_pemilik-31-homestay-di-desa-wisata-lerep-sambut-ramah-para-tamu_1703129059.jpg]
[www.lerepdesawisata.com/berita/index/15.html]
[www.lerepdesawisata.com/berita/index/40.html]
[www.lerepdesawisata.com/img/artikel_folder/thumbs/Artikel_hut-ke40-kota-ungaran-digelar-meriah-di-rth-ungaran-barat-di-desa-lerep_1703128917.jpg]
[www.lerepdesawisata.com/berita/hut-ke40-kota-ungaran-digelar-meriah-di-rth-ungaran-barat-di-desa-lerep.html]
[www.lerepdesawisata.com/img/artikel_folder/thumbs/Artikel_sabun-mandi-susu-desa-lerep-produk-laris-manis-di-dwl_1702829780.jpg]
[www.lerepdesawisata.com/berita/sabun-mandi-susu-desa-lerep-produk-laris-manis-di-dwl.html]
[www.lerepdesawisata.com/berita/bernak-sapi-perah-di-indrokilo-sejahterakan-peternak-.html]
[www.lerepdesawisata.com/img/artikel_folder/thumbs/Artikel_bernak-sapi-perah-di-indrokilo-sejahterakan-peternak-_1702829725.jpg]
[www.lerepdesawisata.com/berita/temu-pengelola-bank-sampah-sekabupaten-semarang-di-dwl.html]
[www.lerepdesawisata.com/img/artikel_folder/thumbs/Artikel_temu-pengelola-bank-sampah-sekabupaten-semarang-di-dwl_1702389337.jpg]
[www.lerepdesawisata.com/berita/pemdes-bleberan-studi-banding-ke-desa-lerep.html]
[www.lerepdesawisata.com/img/artikel_folder/thumbs/Artikel_pemdes-bleberan-studi-banding-ke-desa-lerep_1701610107.jpg]
[www.lerepdesawisata.com/berita/index/45.html]
[www.lerepdesawisata.com/berita/index/20.html]
[www.lerepdesawisata.com/berita/kepala-desa-lerep-sumariyadi-st-berfoto-bersama-kader-desa-siaga-dan-kader-posyandu-sedesa-lerep-di-angkringan-ndelik.html]
[www.lerepdesawisata.com/img/artikel_folder/thumbs/Artikel_kepala-desa-lerep-sumariyadi-st-berfoto-bersama-kader-desa-siaga-dan-kader-posyandu-sedesa-lerep-di-angkringan-ndelik_1700862062.jpg]
[www.lerepdesawisata.com/berita/atasi-stunting-pemdes-lerep-gelar-sosialisasi-dan-penambahan-gizi-pada-anak.html]
[www.lerepdesawisata.com/img/artikel_folder/thumbs/Artikel_atasi-stunting-pemdes-lerep-gelar-sosialisasi-dan-penambahan-gizi-pada-anak_1700785835.jpg]
[www.lerepdesawisata.com/img/artikel_folder/thumbs/Artikel_desa-lerep-masuk-final-15-besar-nasional-kompetisi-desa-brilian_1700297339.jpg]
[www.lerepdesawisata.com/berita/desa-lerep-masuk-final-15-besar-nasional-kompetisi-desa-brilian.html]
[www.lerepdesawisata.com/img/artikel_folder/thumbs/Artikel_sentra-oleholeh-khas-karangbolo-_1700054401.jpg]
[www.lerepdesawisata.com/berita/sentra-oleholeh-khas-karangbolo.html]
[www.lerepdesawisata.com/berita/outbound-camping-hingga-gathering-di-desa-wisata-lerep.html]
[www.lerepdesawisata.com/img/artikel_folder/thumbs/Artikel_outbound-camping-hingga-gathering-di-desa-wisata-lerep_1699864711.jpg]
[www.lerepdesawisata.com/berita/index/25.html]
[www.lerepdesawisata.com/berita/index/50.html]
[www.lerepdesawisata.com/berita/Kunjungan kementrian desa tgl 27-29 September di desa lerep dalam rangka kunker ke tangki air raksasa tws Tiger wolf embung, pasar kuliner embung, kebun durian embung, peternaka]
[www.lerepdesawisata.com/berita/assets/source/WhatsApp Image 2021-09-28 at 18.22.40 (1).121.delayed]
[www.lerepdesawisata.com/berita/index/75.html]
[www.lerepdesawisata.com/berita/index/55.html]
[www.lerepdesawisata.com/berita/index/60.html]
[www.lerepdesawisata.com/berita/index/80.html]
[www.lerepdesawisata.com/berita/index/65.html]
[www.lerepdesawisata.com/berita/index/70.html]
[www.lerepdesawisata.com/berita/lerep-berhasil-menerima-penghargaan-dari-sandiaga-uno.html]
[www.lerepdesawisata.com/berita/keindahan-alam-raya.html]
[www.lerepdesawisata.com/berita/kebudayan-sebagai-sarana-promosi.html]
[www.lerepdesawisata.com/berita/kunjungan-studi-banding-kepala-desa-perangkat-desa-dan-tp-pkk-desa-se-kecamatan-tulung-kab-klaten-ke-desa-wisata-lerep.html]
[www.lerepdesawisata.com/galeri/kategori/Umum.html]
[www.lerepdesawisata.com/galeri/kategori/Pembangunan.html]
[www.lerepdesawisata.com/kampung/dfgdfg.html]
[www.lerepdesawisata.com/frontend/css/owl.video.play.html]
[www.amcharts.com/lib/3/plugins/export/export.css]
[www.amcharts.com/lib/3/amcharts.js]
[www.amcharts.com/lib/3/pie.js]
[www.amcharts.com/lib/3/plugins/tools/polarScatter/polarScatter.min.js]
[www.amcharts.com/lib/3/plugins/animate/animate.min.js]
[www.lerepdesawisata.com/statistik/FileSaver.js/FileSaver.min.128.delayed]
[www.amcharts.com/lib/3/plugins/export/export.min.js]
[www.amcharts.com/lib/3/themes/light.js]
[www.lerepdesawisata.com/homestay/amin-homestay.html]
[www.lerepdesawisata.com/img/homestay_folder/Homestay_1700055345.jpg]
[www.lerepdesawisata.com/img/homestay_folder/Homestay_1700055325.jpg]
[www.lerepdesawisata.com/homestay/dariyasih-homestay.html]
[www.lerepdesawisata.com/homestay/djayari-homestay.html]
[www.lerepdesawisata.com/img/homestay_folder/Homestay_1700091531.jpg]
[www.lerepdesawisata.com/img/homestay_folder/Homestay_1700091479.jpg]
[www.lerepdesawisata.com/img/homestay_folder/Homestay_1700091459.jpg]
[www.lerepdesawisata.com/homestay/gyanto-homestay.html]
[www.lerepdesawisata.com/img/homestay_folder/Homestay_1700091681.jpg]
[www.lerepdesawisata.com/img/homestay_folder/Homestay_1700091667.jpg]
[www.lerepdesawisata.com/img/homestay_folder/Homestay_1700091644.jpg]
[www.lerepdesawisata.com/homestay/indarsih-homestay.html]
[www.lerepdesawisata.com/homestay/malikatun-homestay.html]
[www.lerepdesawisata.com/img/homestay_folder/Homestay_1700092034.jpg]
[www.lerepdesawisata.com/img/homestay_folder/Homestay_1700092006.jpg]
[www.lerepdesawisata.com/img/homestay_folder/Homestay_1700091987.jpg]
[www.lerepdesawisata.com/homestay/mukini-homestay.html]
[www.lerepdesawisata.com/img/homestay_folder/Homestay_1700092312.jpg]
[www.lerepdesawisata.com/img/homestay_folder/Homestay_1700092291.jpg]
[www.lerepdesawisata.com/img/homestay_folder/Homestay_1700092267.jpg]
[www.lerepdesawisata.com/homestay/nunung-homestay.html]
[www.lerepdesawisata.com/img/homestay_folder/Homestay_1700093792.jpg]
[www.lerepdesawisata.com/img/homestay_folder/Homestay_1700093776.jpg]
[www.lerepdesawisata.com/homestay/rini-homestay.html]
[www.lerepdesawisata.com/img/homestay_folder/Homestay_1700093759.jpg]
[www.lerepdesawisata.com/img/homestay_folder/Homestay_1700094190.jpg]
[www.lerepdesawisata.com/img/homestay_folder/Homestay_1700094175.jpg]
[www.lerepdesawisata.com/img/homestay_folder/Homestay_1700094160.jpg]
[www.lerepdesawisata.com/homestay/rochim-homestay.html]
[www.lerepdesawisata.com/img/homestay_folder/Homestay_1700094010.jpg]
[www.lerepdesawisata.com/img/homestay_folder/Homestay_1700093996.jpg]
[www.lerepdesawisata.com/img/homestay_folder/Homestay_1700093976.jpg]
[www.lerepdesawisata.com/homestay/ruslan-homestay.html]
[www.lerepdesawisata.com/img/homestay_folder/Homestay_1700094354.jpg]
[www.lerepdesawisata.com/img/homestay_folder/Homestay_1700094343.jpg]
[www.lerepdesawisata.com/img/homestay_folder/Homestay_1700094327.jpg]
[www.lerepdesawisata.com/homestay/sarofah-homestay.html]
[www.lerepdesawisata.com/img/homestay_folder/Homestay_1700094489.jpg]
[www.lerepdesawisata.com/img/homestay_folder/Homestay_1700094470.jpg]
[www.lerepdesawisata.com/img/homestay_folder/Homestay_1700094454.jpg]
[www.lerepdesawisata.com/homestay/seneng-homestay.html]
[www.lerepdesawisata.com/img/homestay_folder/Homestay_1700094665.jpg]
[www.lerepdesawisata.com/img/homestay_folder/Homestay_1700094654.jpg]
[www.lerepdesawisata.com/img/homestay_folder/Homestay_1700094632.jpg]
[www.lerepdesawisata.com/homestay/siti-kodriyah-homestay.html]
[www.lerepdesawisata.com/img/homestay_folder/Homestay_1700094803.jpg]
[www.lerepdesawisata.com/img/homestay_folder/Homestay_1700094791.jpg]
[www.lerepdesawisata.com/img/homestay_folder/Homestay_1700094780.jpg]
[www.lerepdesawisata.com/homestay/sri-lestari-homestay.html]
[www.lerepdesawisata.com/img/homestay_folder/Homestay_1700094948.jpg]
[www.lerepdesawisata.com/img/homestay_folder/Homestay_1700094935.jpg]
[www.lerepdesawisata.com/img/homestay_folder/Homestay_1700094924.jpg]
[www.lerepdesawisata.com/homestay/teguh-homestay.html]
[www.lerepdesawisata.com/produk/robusta-wine.html]
[www.lerepdesawisata.com/produk/robusta.html]
[www.lerepdesawisata.com/produk/jahe-rempah.html]
[www.lerepdesawisata.com/produk/gula-semut-aren.html]
[www.lerepdesawisata.com/produk/gula-aren.html]
[www.lerepdesawisata.com/produk/durian-sultan.html]
[www.lerepdesawisata.com/produk/durian-musang-king.html]
[www.lerepdesawisata.com/produk/durian-bawor.html]
[www.lerepdesawisata.com/produk/cengkeh-zanzibar.html]
[www.lerepdesawisata.com/produk/arabika.html]
[www.lerepdesawisata.com/img/artikel_folder/Artikel_meriah-kirab-sedekah-bumi-dan-pitulasan-di-dusun-lerep_1724486303.jpg]
[www.lerepdesawisata.com/berita/meriah-kirab-sedekah-bumi-dan-pitulasan-di-dusun-lerep.html]
[www.lerepdesawisata.com/img/artikel_folder/Artikel_kades-lerep-terima-tanda-kehormatan-satya-lancana-kepariwisataan-_1724485802.jpg]
[www.lerepdesawisata.com/berita/kades-lerep-terima-tanda-kehormatan-satya-lancana-kepariwisataan.html]
[www.lerepdesawisata.com/img/artikel_folder/Artikel_kampung-kb-desa-lerep-masuk-tiga-besar-lomba-bangga-kencana-2024_1724485575.jpg]
[www.lerepdesawisata.com/berita/kampung-kb-desa-lerep-masuk-tiga-besar-lomba-bangga-kencana-2024.html]
[www.lerepdesawisata.com/img/artikel_folder/Artikel_kampung-alpukat-tegalrejo-menyatukan-komunitas-dan-menciptakan-kesempatan-baru_1724307594.jpg]
[lerepdesawisata.com/img/artikel_folder/FotoContent_1724308373.jpg]
[www.lerepdesawisata.com/berita/kampung-alpukat-tegalrejo-menyatukan-komunitas-dan-menciptakan-kesempatan-baru.html]
[www.lerepdesawisata.com/img/artikel_folder/Artikel_tanda-kehormatan-satyalancana-kepariwisataan_1720687300.jpg]
[www.lerepdesawisata.com/berita/tanda-kehormatan-satyalancana-kepariwisataan.html]
[www.lerepdesawisata.com/berita/index.html]
[www.lerepdesawisata.com/berita/transaksi-pasar-kuliner-039039djadjanan-ndeso039039-desa-lerep-tembus-rp-8-juta.html]
[www.lerepdesawisata.com/img/artikel_folder/thumbs/Artikel_transaksi-pasar-kuliner-039039djadjanan-ndeso039039-desa-lerep-tembus-rp-8-juta_1699803358.jpg]
[www.lerepdesawisata.com/berita/belajar-makanan-olahan-pkkdekranasda-kabupaten-sabua-raijua-ntt-kunjungi-desa-lerep.html]
[www.lerepdesawisata.com/img/artikel_folder/thumbs/Artikel_belajar-makanan-olahan-pkkdekranasda-kabupaten-sabua-raijua-ntt-kunjungi-desa-lerep_1699691361.jpg]
[www.lerepdesawisata.com/berita/Pembukaan-Perdana-Pasar-Kuliner-Ndeso-Lerep-setelah-masa-PPKM-Mikro.html]
[www.lerepdesawisata.com/berita/Kegiatan-Mengajar-PAUD-Ngudi-Rahayu-bersama-KKN-UPGRIS.html]
[lerepdesawisata.com/assets/source/KKN UPGRIS/WhatsApp Image 2022-02-07 at 21.09.12.jpg]
[lerepdesawisata.com/assets/source/KKN UPGRIS/WhatsApp Image 2022-02-07 at 21.32.05 (1).jpg]
[www.lerepdesawisata.com/berita/index/30.html]
[www.lerepdesawisata.com/berita/Senam-Bersama-Warga-Desa-Lerep-bersama-Mahasiswa-KKN-UPGRIS.html]
[www.lerepdesawisata.com/berita/reforma-agraria-di-indrokilo.html]
[www.lerepdesawisata.com/img/artikel_folder/Artikel_reforma-agraria-di-indrokilo_1718261675.jpg]
[www.lerepdesawisata.com/img/artikel_folder/Artikel_seluruh-rt-di-desa-lerep-diminta-bentuk--petugas-upzis-dan-kelompok-informasi-masyarakat_1718261139.jpg]
[www.lerepdesawisata.com/berita/seluruh-rt-di-desa-lerep-diminta-bentuk--petugas-upzis-dan-kelompok-informasi-masyarakat.html]
[www.lerepdesawisata.com/img/artikel_folder/Artikel_desa-digital_1715656450.jpg]
[www.lerepdesawisata.com/berita/desa-digital.html]
[www.lerepdesawisata.com/img/artikel_folder/Artikel_kelompok-tani-sumber-hasil-desa-lerep-maju-lomba-wana-lestari_1710747300.jpg]
[lerepdesawisata.com/img/artikel_folder/FotoContent_1710747214.jpg]
[www.lerepdesawisata.com/berita/kelompok-tani-sumber-hasil-desa-lerep-maju-lomba-wana-lestari.html]
[www.lerepdesawisata.com/img/artikel_folder/Artikel_sebanyak-1230-pohon-ditanam-di-kompleks-embung-sebligo-desa-lerep_1710747111.jpg]
[lerepdesawisata.com/img/artikel_folder/FotoContent_1710747053.jpg]
[www.lerepdesawisata.com/berita/sebanyak-1230-pohon-ditanam-di-kompleks-embung-sebligo-desa-lerep.html]
[www.lerepdesawisata.com/berita/Semarak-Pasar-Kuliner-diDesa-Lerep-Mengangkat-Makanan-Khas-Tempo-Doeloe.html]
[lerepdesawisata.com/assets/source/KKN UNDIP 2022/PASAR KULINER/44d52c52-1766-45d0-aa71-6e5215c9da4b.jpg]
[www.lerepdesawisata.com/berita/Pasar-Kuliner-Djajanan-Ndeso-Desa-Wisata-Lerep.html]
[lerepdesawisata.com/assets/source/WhatsApp Image 2022-02-06 at 20.32.42.jpg]
[www.lerepdesawisata.com/berita/APBDES-2022.html]
[lerepdesawisata.com/assets/source/APBDesfix.jpg]
[www.lerepdesawisata.com/berita/Penyuluhan-dan-Sosialisasi-ke-Warga-Penerima-BPNT-Desa-Lerep.html]
[lerepdesawisata.com/assets/source/WhatsApp Image 2022-02-04 at 16.44.31.jpg]
[www.lerepdesawisata.com/berita/Kegiatan-Pokdarwis-bersama-KKN-Universitas-PGRI-Semarang-dan-Watuaji.html]
[lerepdesawisata.com/assets/source/KKN UPGRIS/WhatsApp Image 2022-01-30 at 20.35.45 (1).jpg]
[www.lerepdesawisata.com/berita/index/35.html]
[www.lerepdesawisata.com/img/artikel_folder/Artikel_desa-lerep-juara-3-nasional-desa-brilian_1705396935.jpg]
[www.lerepdesawisata.com/berita/desa-lerep-juara-3-nasional-desa-brilian.html]
[www.lerepdesawisata.com/img/artikel_folder/Artikel_sega-iriban-ludes-diserbu-pengunjung-pasar-kuliner-desa-lerep-_1704643731.jpg]
[www.lerepdesawisata.com/berita/sega-iriban-ludes-diserbu-pengunjung-pasar-kuliner-desa-lerep-.html]
[www.lerepdesawisata.com/img/artikel_folder/Artikel_kegiatan-bakti-sosial-pengobatan-gratis-kerjasama-desa-lerep-dengan-rumah-sakit-kusuma-ungaran_1704643539.jpg]
[www.lerepdesawisata.com/berita/kegiatan-bakti-sosial-pengobatan-gratis-kerjasama-desa-lerep-dengan-rumah-sakit-kusuma-ungaran.html]
[www.lerepdesawisata.com/img/artikel_folder/Artikel_musrenbangdes-desa-lerep-tahun-2023_1704643292.jpg]
[www.lerepdesawisata.com/berita/musrenbangdes-desa-lerep-tahun-2023.html]
[www.lerepdesawisata.com/img/artikel_folder/Artikel_pemilik-31-homestay-di-desa-wisata-lerep-sambut-ramah-para-tamu_1703129059.jpg]
[www.lerepdesawisata.com/berita/pemilik-31-homestay-di-desa-wisata-lerep-sambut-ramah-para-tamu.html]
[www.lerepdesawisata.com/berita/LRA-APBDES-LEREP-2021.html]
[lerepdesawisata.com/assets/source/WhatsApp Image 2022-01-20 at 13.07.08.jpg]
[www.lerepdesawisata.com/berita/Studi-Banding-Karang-Taruna.html]
[lerepdesawisata.com/assets/source/Studi Banding 1.jpg]
[www.lerepdesawisata.com/berita/Workshop-Dalam-Rangka-Pengembangan-Desa-Wisata-Oleh-Karang-Taruna-Cipto-Wening-Desa-Lerep.html]
[lerepdesawisata.com/assets/source/Workshop 1.jpg]
[www.lerepdesawisata.com/berita/Pengabdian-Masyarakat-Dari-Unissula-Tentang-Penyuluhan-Keluarga-Muda-di-Desa-Lerep.html]
[lerepdesawisata.com/assets/source/WhatsApp Image 2022-01-14 at 21.01.16.jpg]
[www.lerepdesawisata.com/berita/Kunjungan-Desa-Duren-sewu-Kec-Pandaan-Kab-Pasuruan-Jawa-Timur.html]
[lerepdesawisata.com/assets/source/WhatsApp Image 2021-12-20 at 11.56.34.jpg]
[www.lerepdesawisata.com/berita/index/40.html]
[www.lerepdesawisata.com/img/artikel_folder/Artikel_hut-ke40-kota-ungaran-digelar-meriah-di-rth-ungaran-barat-di-desa-lerep_1703128917.jpg]
[www.lerepdesawisata.com/berita/hut-ke40-kota-ungaran-digelar-meriah-di-rth-ungaran-barat-di-desa-lerep.html]
[www.lerepdesawisata.com/img/artikel_folder/Artikel_sabun-mandi-susu-desa-lerep-produk-laris-manis-di-dwl_1702829780.jpg]
[www.lerepdesawisata.com/berita/sabun-mandi-susu-desa-lerep-produk-laris-manis-di-dwl.html]
[www.lerepdesawisata.com/img/artikel_folder/Artikel_bernak-sapi-perah-di-indrokilo-sejahterakan-peternak-_1702829725.jpg]
[www.lerepdesawisata.com/berita/bernak-sapi-perah-di-indrokilo-sejahterakan-peternak-.html]
[www.lerepdesawisata.com/img/artikel_folder/Artikel_temu-pengelola-bank-sampah-sekabupaten-semarang-di-dwl_1702389337.jpg]
[www.lerepdesawisata.com/berita/temu-pengelola-bank-sampah-sekabupaten-semarang-di-dwl.html]
[www.lerepdesawisata.com/img/artikel_folder/Artikel_pemdes-bleberan-studi-banding-ke-desa-lerep_1701610107.jpg]
[www.lerepdesawisata.com/berita/pemdes-bleberan-studi-banding-ke-desa-lerep.html]
[www.lerepdesawisata.com/berita/Kunjungan-Dinas-Pariwisata-Kab-Musi-Rawas-Sumatera-Selatan-ke-Pokdarwis-Desa-Lerep.html]
[lerepdesawisata.com/assets/source/WhatsApp Image 2021-12-22 at 09.49.22.jpg]
[www.lerepdesawisata.com/berita/Kunjungan-Desa-Pendem-Mojogedang-Kab-Karanganyar-ke-Desa-Lerep-Untuk-Melaksanakan-Study-Banding-Pengelolaan-Bumdes-Lerep.html]
[lerepdesawisata.com/assets/source/pelatihanumkm/WhatsApp Image 2021-11-28 at 20.19.06.jpg]
[www.lerepdesawisata.com/berita/Rapat-Konsultasi-Kegiatan-Tim-Penggerak-PKK-Desa-Lerep.html]
[lerepdesawisata.com/assets/source/pelatihanumkm/WhatsApp Image 2021-11-28 at 20.13.53.jpg]
[www.lerepdesawisata.com/berita/Studi-Banding-Penyuluhan-Pendidikan-Pertanian-Perkebunan-Desa-Soborejo-Kec-Pringsurat-Kab-Temanggung-diDesa-Wisata-Lerep.html]
[lerepdesawisata.com/assets/source/pelatihanumkm/WhatsApp Image 2021-11-28 at 19.54.42.jpg]
[www.lerepdesawisata.com/my_error]
[lerepdesawisata.com/assets/source/pelatihanumkm/WhatsApp Image 2021-11-24 at 15.12.10 (2).jpg]
[www.lerepdesawisata.com/berita/index/45.html]
[www.lerepdesawisata.com/img/artikel_folder/Artikel_kepala-desa-lerep-sumariyadi-st-berfoto-bersama-kader-desa-siaga-dan-kader-posyandu-sedesa-lerep-di-angkringan-ndelik_1700862062.jpg]
[www.lerepdesawisata.com/berita/kepala-desa-lerep-sumariyadi-st-berfoto-bersama-kader-desa-siaga-dan-kader-posyandu-sedesa-lerep-di-angkringan-ndelik.html]
[www.lerepdesawisata.com/img/artikel_folder/Artikel_atasi-stunting-pemdes-lerep-gelar-sosialisasi-dan-penambahan-gizi-pada-anak_1700785835.jpg]
[www.lerepdesawisata.com/berita/atasi-stunting-pemdes-lerep-gelar-sosialisasi-dan-penambahan-gizi-pada-anak.html]
[www.lerepdesawisata.com/img/artikel_folder/Artikel_desa-lerep-masuk-final-15-besar-nasional-kompetisi-desa-brilian_1700297339.jpg]
[www.lerepdesawisata.com/berita/desa-lerep-masuk-final-15-besar-nasional-kompetisi-desa-brilian.html]
[www.lerepdesawisata.com/img/artikel_folder/Artikel_sentra-oleholeh-khas-karangbolo-_1700054401.jpg]
[lerepdesawisata.com/img/artikel_folder/FotoContent_1700054462.jpg]
[lerepdesawisata.com/img/artikel_folder/FotoContent_1700054503.jpg]
[www.lerepdesawisata.com/berita/sentra-oleholeh-khas-karangbolo.html]
[www.lerepdesawisata.com/img/artikel_folder/Artikel_outbound-camping-hingga-gathering-di-desa-wisata-lerep_1699864711.jpg]
[lerepdesawisata.com/img/artikel_folder/FotoContent_1699864785.jpg]
[lerepdesawisata.com/img/artikel_folder/FotoContent_1699864829.jpg]
[www.lerepdesawisata.com/berita/outbound-camping-hingga-gathering-di-desa-wisata-lerep.html]
[www.lerepdesawisata.com/berita/Kunjungan-Bupati-Pesawaran-Provinsi-Lampung-Dalam-Rangka-Studi-Banding-pengelolaan-Bumdes-diDesa-Wisata-keDesa-Lerep.html]
[lerepdesawisata.com/assets/source/vaksin/New/WhatsApp Image 2021-11-12 at 21.54.37.jpg]
[www.lerepdesawisata.com/berita/Pelatihan-Penyajian-Kopi-Dalam-Rangka-Pengabdian-Masyarakat-diDesa-wisata-Lerep-Ungaran-Barat.html]
[lerepdesawisata.com/assets/source/vaksin/WhatsApp Image 2021-11-12 at 21.58.07 (2).jpg]
[www.lerepdesawisata.com/berita/Pelatihan-Batik-ecoprint-Dari-Tim-pengabdian-Masyarakat-diDesa-Wisata-Lerep-Ungaran-Barat.html]
[lerepdesawisata.com/assets/source/vaksin/WhatsApp Image 2021-11-12 at 21.58.57 (1).jpg]
[lerepdesawisata.com/assets/source/vaksin/IMG-20211031-WA0074.jpg]
[www.lerepdesawisata.com/berita/Kunjungan-Tim-Motor-Semoga-seneng-motoran-Ganjarist-dalam-rangka-deklarasi-Semoga.html]
[www.lerepdesawisata.com/berita/index/50.html]
[lerepdesawisata.com/assets/source/pelatihanumkm/IMG-20211031-WA0015.jpg]
[www.lerepdesawisata.com/berita/Kunjungan kementrian desa tgl 27-29 September di desa lerep dalam rangka kunker ke tangki air raksasa tws Tiger wolf embung, pasar kuliner embung, kebun durian embung, peternaka]
[www.lerepdesawisata.com/berita/assets/source/WhatsApp Image 2021-09-28 at 18.22.40 (1).html]
[www.lerepdesawisata.com/berita/PASAR KULINER TEMPO DOELOE (PASAR JAJANAN NDESO), SALAH SATU PRIMADONA DESA WISATA LEREP]
[www.lerepdesawisata.com/assets/source/WhatsApp Image 2021-09-27 at 13.56.53 (1).jpg]
[www.lerepdesawisata.com/berita/index/75.html]
[www.lerepdesawisata.com/berita/Pelatihan-diBalai-Desa-untuk-Para-Pelaku-Usaha-Dalam-Upaya-Meningkatkan-DayaSaing-Produk-UMKM-diDesa-Wisata-Lerep.html]
[lerepdesawisata.com/assets/source/pelatihanumkm/WhatsApp Image 2021-10-16 at 09.55.25 (1).jpeg]
[lerepdesawisata.com/assets/source/pelatihanumkm/IMG-20211028-WA0017.jpg]
[www.lerepdesawisata.com/berita/PENERIMAAN-TAMU-STUDI-BANDING-LPMK-GANDEKAN-SURAKARTA-DIPOKDARWIS-LEREP.html]
[lerepdesawisata.com/assets/source/600/WhatsApp Image 2021-09-05 at 13.02.18_3.jpg]
[www.lerepdesawisata.com/berita/index/55.html]
[lerepdesawisata.com/assets/source/Full/foto bahan leaflet DWL/watu gunung.jpg]
[www.lerepdesawisata.com/berita/pemandian.html]
[lerepdesawisata.com/assets/source/300/IMG20210215171149[1].jpg]
[www.lerepdesawisata.com/berita/kunjungan-supervisi-dan-asistensi-mabes-polri-ke-deswita-gaess.html]
[lerepdesawisata.com/assets/source/IMG20210305150144.jpg]
[www.lerepdesawisata.com/berita/index/60.html]
[www.lerepdesawisata.com/berita/desa-wisata-lerep-menjadi-desa-wisata-berkelanjutan-nasional.html]
[www.lerepdesawisata.com/berita/kunjungan-propam-mabes-polri-ke-desa-lerep-terkait-ppkm-mikro.html]
[lerepdesawisata.com/assets/source/WhatsApp Image 2021-04-01 at 18.57.04.jpg]
[www.lerepdesawisata.com/berita/kunjungan-kerja-menparekraf-sandiaga-uno-di-deswita-lerep.html]
[www.lerepdesawisata.com/berita/turut-sukseskan-program-jogo-tonggo-pemerintah-desa-lerep-adakan-lomba-antar-rw-bertajuk-ketahanan-pangan.html]
[lerepdesawisata.com/assets/source/WhatsApp Image 2021-08-20 at 12.48.21 (2).jpg]
[www.lerepdesawisata.com/berita/PENYERAHAN-PENGHARGAAN-KEPADA-PEMENANG-JOGO-TONGGO-DESA-LEREP.html]
[www.lerepdesawisata.com/berita/Kunjungan-Kerja-Kementerian-Desa-Pembangunan-Daerah-Tertinggal-dan-Transmigrasi-RI-Direktorat-Jenderal-Percepatan-Pembangunan-Daerah-Tertinggal-keDesa-Wisata-Lerep.html]
[www.lerepdesawisata.com/berita/index/65.html]
[www.lerepdesawisata.com/berita/Studi-Banding-Dinas-Pariwisata-Kabupaten-Wonosobo-keDesa-Wisata-Lerep.html]
[www.lerepdesawisata.com/berita/KEGIATAN-DONOR-DARAH-BERSAMA-KKN-BMC-UNNES-1-2021.html]
[www.lerepdesawisata.com/berita/index/70.html]
[www.lerepdesawisata.com/statistik/amcharts/index.html]
[www.lerepdesawisata.com/statistik/FileSaver.js/FileSaver.min.html]
[www.lerepdesawisata.com/img/artikel_folder/Artikel_transaksi-pasar-kuliner-039039djadjanan-ndeso039039-desa-lerep-tembus-rp-8-juta_1699803358.jpg]
[www.lerepdesawisata.com/assets/source/IMG20210401163941_1.jpg]
[lerepdesawisata.com/img/artikel_folder/FotoContent_1699803284.jpg]
[lerepdesawisata.com/img/artikel_folder/FotoContent_1699803326.jpg]
[www.lerepdesawisata.com/berita/transaksi-pasar-kuliner-039039djadjanan-ndeso039039-desa-lerep-tembus-rp-8-juta.html]
[www.lerepdesawisata.com/img/artikel_folder/Artikel_belajar-makanan-olahan-pkkdekranasda-kabupaten-sabua-raijua-ntt-kunjungi-desa-lerep_1699691361.jpg]
[www.lerepdesawisata.com/berita/belajar-makanan-olahan-pkkdekranasda-kabupaten-sabua-raijua-ntt-kunjungi-desa-lerep.html]
[www.lerepdesawisata.com/berita/Pembukaan-Perdana-Pasar-Kuliner-Ndeso-Lerep-setelah-masa-PPKM-Mikro.html]
[www.lerepdesawisata.com/berita/Kegiatan-Mengajar-PAUD-Ngudi-Rahayu-bersama-KKN-UPGRIS.html]
[www.lerepdesawisata.com/berita/Senam-Bersama-Warga-Desa-Lerep-bersama-Mahasiswa-KKN-UPGRIS.html]
[www.lerepdesawisata.com/berita/Semarak-Pasar-Kuliner-diDesa-Lerep-Mengangkat-Makanan-Khas-Tempo-Doeloe.html]
[www.lerepdesawisata.com/assets/source/WhatsApp Image 2022-02-06 at 20.32.40.jpg]
[www.lerepdesawisata.com/assets/source/WhatsApp Image 2022-02-06 at 20.32.44 (1).jpg]
[www.lerepdesawisata.com/assets/source/WhatsApp Image 2022-02-06 at 20.32.44.jpg]
[www.lerepdesawisata.com/berita/Pasar-Kuliner-Djajanan-Ndeso-Desa-Wisata-Lerep.html]
[www.lerepdesawisata.com/berita/APBDES-2022.html]
[www.lerepdesawisata.com/assets/source/WhatsApp Image 2022-02-04 at 16.44.31 (1).jpg]
[www.lerepdesawisata.com/berita/Penyuluhan-dan-Sosialisasi-ke-Warga-Penerima-BPNT-Desa-Lerep.html]
[www.lerepdesawisata.com/berita/Kegiatan-Pokdarwis-bersama-KKN-Universitas-PGRI-Semarang-dan-Watuaji.html]
[www.lerepdesawisata.com/berita/LRA-APBDES-LEREP-2021.html]
[www.lerepdesawisata.com/assets/source/SB 5.jpg]
[www.lerepdesawisata.com/assets/source/Studi Banding 4.jpg]
[www.lerepdesawisata.com/assets/source/Studi Banding 2.jpg]
[www.lerepdesawisata.com/assets/source/Studi Banding 3.jpg]
[www.lerepdesawisata.com/berita/Studi-Banding-Karang-Taruna.html]
[www.lerepdesawisata.com/assets/source/Workshop 2.jpg]
[www.lerepdesawisata.com/assets/source/workshop 4.jpg]
[www.lerepdesawisata.com/berita/Workshop-Dalam-Rangka-Pengembangan-Desa-Wisata-Oleh-Karang-Taruna-Cipto-Wening-Desa-Lerep.html]
[www.lerepdesawisata.com/assets/source/WhatsApp Image 2022-01-14 at 21.01.13.jpg]
[www.lerepdesawisata.com/assets/source/WhatsApp Image 2022-01-14 at 21.01.16 (1).jpg]
[www.lerepdesawisata.com/assets/source/WhatsApp Image 2022-01-14 at 21.01.18 (1).jpg]
[www.lerepdesawisata.com/berita/Pengabdian-Masyarakat-Dari-Unissula-Tentang-Penyuluhan-Keluarga-Muda-di-Desa-Lerep.html]
[www.lerepdesawisata.com/berita/Kunjungan-Desa-Duren-sewu-Kec-Pandaan-Kab-Pasuruan-Jawa-Timur.html]
[www.lerepdesawisata.com/assets/source/WhatsApp Image 2021-12-22 at 09.49.21 (1).jpg]
[www.lerepdesawisata.com/berita/Kunjungan-Dinas-Pariwisata-Kab-Musi-Rawas-Sumatera-Selatan-ke-Pokdarwis-Desa-Lerep.html]
[www.lerepdesawisata.com/assets/source/pelatihanumkm/WhatsApp Image 2021-11-28 at 20.19.06 (1).jpg]
[www.lerepdesawisata.com/berita/Kunjungan-Desa-Pendem-Mojogedang-Kab-Karanganyar-ke-Desa-Lerep-Untuk-Melaksanakan-Study-Banding-Pengelolaan-Bumdes-Lerep.html]
[www.lerepdesawisata.com/berita/Rapat-Konsultasi-Kegiatan-Tim-Penggerak-PKK-Desa-Lerep.html]
[www.lerepdesawisata.com/assets/source/pelatihanumkm/WhatsApp Image 2021-11-28 at 19.54.43.jpg]
[www.lerepdesawisata.com/berita/Studi-Banding-Penyuluhan-Pendidikan-Pertanian-Perkebunan-Desa-Soborejo-Kec-Pringsurat-Kab-Temanggung-diDesa-Wisata-Lerep.html]
[www.lerepdesawisata.com/my_error.html]
[www.lerepdesawisata.com/berita/Kunjungan-Bupati-Pesawaran-Provinsi-Lampung-Dalam-Rangka-Studi-Banding-pengelolaan-Bumdes-diDesa-Wisata-keDesa-Lerep.html]
[www.lerepdesawisata.com/assets/source/vaksin/WhatsApp Image 2021-11-12 at 21.58.jpg]
[www.lerepdesawisata.com/assets/source/vaksin/WhatsApp Image 2021-11-12 at 21.58.07.jpg]
[www.lerepdesawisata.com/berita/Pelatihan-Penyajian-Kopi-Dalam-Rangka-Pengabdian-Masyarakat-diDesa-wisata-Lerep-Ungaran-Barat.html]
[www.lerepdesawisata.com/assets/source/vaksin/WhatsApp Image 2021-11-12 at 21.58.57.jpeg]
[www.lerepdesawisata.com/assets/source/vaksin/WhatsApp Image 2021-11-12 at 21.58.58 (1).jpg]
[www.lerepdesawisata.com/berita/Pelatihan-Batik-ecoprint-Dari-Tim-pengabdian-Masyarakat-diDesa-Wisata-Lerep-Ungaran-Barat.html]
[www.lerepdesawisata.com/assets/source/pelatihanumkm/IMG-20211031-WA0014.jpg]
[www.lerepdesawisata.com/berita/Kunjungan-Tim-Motor-Semoga-seneng-motoran-Ganjarist-dalam-rangka-deklarasi-Semoga.html]
[www.lerepdesawisata.com/berita/PASAR KULINER TEMPO DOELOE (PASAR JAJANAN NDESO), SALAH SATU PRIMADONA DESA WISATA LEREP.html]
[www.lerepdesawisata.com/berita/Pelatihan-diBalai-Desa-untuk-Para-Pelaku-Usaha-Dalam-Upaya-Meningkatkan-DayaSaing-Produk-UMKM-diDesa-Wisata-Lerep.html]
[lerepdesawisata.com/assets/source/pelatihanumkm/WhatsApp Image 2021-10-16 at 09.55.25 (1).html]
[www.lerepdesawisata.com/berita/PENERIMAAN-TAMU-STUDI-BANDING-LPMK-GANDEKAN-SURAKARTA-DIPOKDARWIS-LEREP.html]
[www.lerepdesawisata.com/berita/pemandian.html]
[www.lerepdesawisata.com/assets/source/IMG20210215170917_01[1].jpg]
[www.lerepdesawisata.com/berita/kunjungan-supervisi-dan-asistensi-mabes-polri-ke-deswita-gaess.html]
[www.lerepdesawisata.com/berita/desa-wisata-lerep-menjadi-desa-wisata-berkelanjutan-nasional.html]
[lerepdesawisata.com/assets/source/300/IMG20210215171149[1].jpg]
[www.lerepdesawisata.com/assets/source/IMG20210305141010.jpg]
[www.lerepdesawisata.com/berita/kunjungan-propam-mabes-polri-ke-desa-lerep-terkait-ppkm-mikro.html]
[www.lerepdesawisata.com/assets/source/IMG_20210403_153749.jpg]
[lerepdesawisata.com/assets/source/IMG20210305150144.jpg]
[www.lerepdesawisata.com/assets/source/IMG20210401152748.jpg]
[www.lerepdesawisata.com/berita/kunjungan-kerja-menparekraf-sandiaga-uno-di-deswita-lerep.html]
[www.lerepdesawisata.com/berita/turut-sukseskan-program-jogo-tonggo-pemerintah-desa-lerep-adakan-lomba-antar-rw-bertajuk-ketahanan-pangan.html]
[www.lerepdesawisata.com/berita/PENYERAHAN-PENGHARGAAN-KEPADA-PEMENANG-JOGO-TONGGO-DESA-LEREP.html]
[www.lerepdesawisata.com/berita/Kunjungan-Kerja-Kementerian-Desa-Pembangunan-Daerah-Tertinggal-dan-Transmigrasi-RI-Direktorat-Jenderal-Percepatan-Pembangunan-Daerah-Tertinggal-keDesa-Wisata-Lerep.html]
[www.lerepdesawisata.com/berita/Studi-Banding-Dinas-Pariwisata-Kabupaten-Wonosobo-keDesa-Wisata-Lerep.html]
[www.lerepdesawisata.com/berita/KEGIATAN-DONOR-DARAH-BERSAMA-KKN-BMC-UNNES-1-2021.html]
[www.lerepdesawisata.com/berita/assets/source/vaksin/WhatsApp Image 2021-10-06 at 17.32.10.jpeg]
[www.lerepdesawisata.com/Kampung/dfgdfg-2.html]
[www.lerepdesawisata.com/assets/source/Workshop 2.html]
[www.lerepdesawisata.com/assets/source/vaksin/WhatsApp Image 2021-11-12 at 21.58.57.html]
[www.lerepdesawisata.com/assets/source/IMG20210215170917_01[1].html]
[www.lerepdesawisata.com/berita/assets/source/vaksin/WhatsApp Image 2021-10-06 at 17.32.10.jpeg]
[www.lerepdesawisata.com/berita/Pelaksanaan vaksinasi dosis 1 dan 2 sinovac dibalai desa lerep dengan kuota 700 orang]
[localhost_8888/lerep/img/artikel_folder/FotoContent_1699691298.jpg]
